[
  {
    "Description": "WordWheelQuery: User Searches",
    "Category": "User Activity",
    "OSPath": "HKEY_USERS\\user1\\Software\\Microsoft\\Windows\\CurrentVersion\\Explorer\\WordWheelQuery",
    "Mtime": "2014-10-05T20:08:26Z",
    "Details": {
      "MRU": [
        "*.jpg",
        "*.inf",
        "*.sex",
        "ross is a tool",
        "shitbox surprise",
        "pumpkin hammer"
      ]
    }
  }
]